
Design Name
===========
    dtmf_recvr_core

Scan Style
==========
    muxed_scan
Design has a valid DFT rule check status

Global Constraints
==================
    Minimum number of scan chains: 2
    Maximum length of scan chains: no_value
    Lock-up element type: preferred_level_sensitive
    Mix clock edges in scan chain: false
    Prefix for unnamed scan objects: DFT_

Test signal objects
===================
    shift_enable: 
          object name: scan_en 
          pin name: scan_en 
          hookup_pin: scan_en 
          hookup_polarity: non_inverted 
          function: shift_enable 
          active: high 
          ideal: false 
          user defined: true

    test_mode: 
          object name: test_mode 
          pin name: test_mode 
          hookup_pin: test_mode 
          hookup_polarity: non_inverted 
          function: test_mode 
          active: high 
          ideal: false 
          user defined: true

    test_mode: 
          object name: p_rst 
          pin name: p_rst 
          hookup_pin: p_rst 
          hookup_polarity: non_inverted 
          function: async_set_reset 
          active: low 
          ideal: false 
          user defined: false

    test_mode: 
          object name: reset 
          pin name: reset 
          hookup_pin: reset 
          hookup_polarity: non_inverted 
          function: async_set_reset 
          active: low 
          ideal: false 
          user defined: false

    test_mode: 
          object name: spi_fs 
          pin name: spi_fs 
          hookup_pin: spi_fs 
          hookup_polarity: non_inverted 
          function: async_set_reset 
          active: low 
          ideal: false 
          user defined: false


Test clock objects
==================
    test_clock:
          object name: scan_clk 
          test_clock_domain: scan_clk 
          user defined: true 
          source: scan_clk  
          root source: scan_clk  
          root source polarity: non_inverting
          hookup_pin: scan_clk 
          period: 50000.0


DFT controllable objects
========================
    Instance: PLLCLK_INST 
          from pin: refclk non_inverting 
          to pin: clk1x


DFT don't scan objects
======================

DFT abstract don't scan objects
===============================

DFT scan segment constraints
============================

DFT scan chain constraints
==========================
    User Chain: 
          object name: chain1 
          scan-in: tdi 
          scan-in hookup_pin: tdi
          scan-out: tdo 
          scan-out hookup_pin: tdo
          shared out: false 
          shift_enable object name: none
          max length: no_value
          complete: false


DFT actual scan chains
======================
    Actual Chain:
          object name: chain1 
          scan-in: tdi 
          scan-in hookup_pin: tdi 
          scan-out: tdo 
          scan-out hookup_pin: tdo 
          shared out: false
          shift_enable: scan_en 
          length: 129
          segment objects: none
          analyzed: false
          test_clock domain: scan_clk
          test_clock edge: fall

    Actual Chain:
          object name: AutoChain_1 
          scan-in: DFT_sdi_1 
          scan-in hookup_pin: DFT_sdi_1 
          scan-out: DFT_sdo_1 
          scan-out hookup_pin: DFT_sdo_1 
          shared out: false
          shift_enable: scan_en 
          length: 499
          segment objects: none
          analyzed: false
          test_clock domain: scan_clk
          test_clock edge: rise

