

Working Directory = ./work_mmmc
QoS Summary for dtmf_recvr_core
================================================================================
Metric                          syn_generic     syn_map         syn_opt        
================================================================================

View : view_wcl_slow
Slack (ps):                     1,684               0               0
  R2R (ps):                     1,684               0               0
  I2R (ps):                     7,596           7,454           7,326
  R2O (ps):                     7,384           7,319           7,358
  I2O (ps):                  no_value        no_value        no_value
  CG  (ps):                     6,403           5,205           5,246
TNS (ps):                           0               0               0
  R2R (ps):                         0               0               0
  I2R (ps):                         0               0               0
  R2O (ps):                         0               0               0
  I2O (ps):                  no_value        no_value        no_value
  CG  (ps):                         0               0               0
Failing Paths:                      0               0               0

View : view_wcl_fast
Slack (ps):                      -579            -609            -576
  R2R (ps):                      -579            -609            -576
  I2R (ps):                       535             500             478
  R2O (ps):                       468             432             458
  I2O (ps):                  no_value        no_value        no_value
  CG  (ps):                       634             403             438
TNS (ps):                      -8,794         -10,219          -9,466
  R2R (ps):                    -8,794         -10,219          -9,466
  I2R (ps):                         0               0               0
  R2O (ps):                         0               0               0
  I2O (ps):                  no_value        no_value        no_value
  CG  (ps):                         0               0               0
Failing Paths:                     38              41              40

View : view_wcl_typical
Slack (ps):                       251             202             252
  R2R (ps):                       251             202             252
  I2R (ps):                     1,605           1,546           1,500
  R2O (ps):                     1,502           1,462           1,493
  I2O (ps):                  no_value        no_value        no_value
  CG  (ps):                     1,471           1,123           1,174
TNS (ps):                           0               0               0
  R2R (ps):                         0               0               0
  I2R (ps):                         0               0               0
  R2O (ps):                         0               0               0
  I2O (ps):                  no_value        no_value        no_value
  CG  (ps):                         0               0               0
Failing Paths:                      0               0               0

Cell Area:                    230,424         243,436         243,139
Total Cell Area:              230,424         243,436         243,139
Leaf Instances:                10,936           5,148           4,966
Total Instances:               10,936           5,148           4,966
Utilization (%):                 0.00            0.00            0.00
Tot. Net Length (um):        no_value        no_value        no_value
Avg. Net Length (um):        no_value        no_value        no_value
Route Overflow H (%):        no_value        no_value        no_value
Route Overflow V (%):        no_value        no_value        no_value
MBCI(%) (bits/gate) :            0.00            0.00            0.00
Norm Cong Hotspot Area:
  Max Cong:                  no_value        no_value        no_value
  Tot Cong:                  no_value        no_value        no_value
================================================================================
CPU  Runtime (h:m:s):        00:35:03        00:38:06        00:31:28
Real Runtime (h:m:s):        00:34:51        00:34:26        00:31:20
CPU  Elapsed (h:m:s):        00:35:11        00:43:17        00:44:45
Real Elapsed (h:m:s):        00:34:52        00:39:18        00:40:38
Memory (MB):                  2155.87         2141.59         2141.59
================================================================================
================================================================================
Flow Settings:
================================================================================
Total Runtime (h:m:s): 00:40:38
Total Memory (MB):     2149.60
Executable Version:    23.13-s073_1
================================================================================
Total Cell Area =  Cell Area + Physical Cell Area
Total Instances =  Leaf Instances + Physical Instances


